Log started at 10/06/2026 17:17:05 (2026-10-06T15:17:05Z)
Resolved project argument C:/Users/singerie/Documents/Unreal Projects/Prophecy/GameAnimationSample3.uproject to C:\Users\singerie\Documents\Unreal Projects\Prophecy\GameAnimationSample3.uproject
No config file at C:\ProgramData\Unreal Engine\UnrealBuildTool\BuildConfiguration.xml
No config file at C:\Users\singerie\AppData\Local\Unreal Engine\UnrealBuildTool\BuildConfiguration.xml
No config file at C:\Users\singerie\Documents\Unreal Engine\UnrealBuildTool\BuildConfiguration.xml
Configuration will be read from:
  C:\Users\singerie\AppData\Roaming\Unreal Engine\UnrealBuildTool\BuildConfiguration.xml
Reading configuration file from cache (C:\Users\singerie\Documents\Unreal Projects\Prophecy\Intermediate\Build\XmlConfigCache.bin): C:\Users\singerie\AppData\Roaming\Unreal Engine\UnrealBuildTool\BuildConfiguration.xml
Reading configuration file from cache (C:\Users\singerie\Documents\Unreal Projects\Prophecy\Intermediate\Build\XmlConfigCache.bin): C:\Users\singerie\Documents\Unreal Projects\Prophecy\Saved\UnrealBuildTool\BuildConfiguration.xml
Reading configuration file from cache (C:\Users\singerie\Documents\Unreal Projects\Prophecy\Intermediate\Build\XmlConfigCache.bin): C:\Users\singerie\AppData\Local\UnrealEngine\Intermediate\Build\UnrealBuildTool.Env.BuildConfiguration.xml
Setting temp directory to 'C:\Users\singerie\AppData\Local\Temp\UnrealBuildTool\9de8e132'
    Registering build platform: UnrealBuildTool.AndroidPlatformFactory
    Registering build platform: UnrealBuildTool.IOSPlatformFactory
    Registering build platform: UnrealBuildTool.LinuxPlatformFactory
    Registering build platform: UnrealBuildTool.MacPlatformFactory
    Registering build platform: UnrealBuildTool.TVOSPlatformFactory
    Registering build platform: UnrealBuildTool.WindowsPlatformFactory
Found Windows 10 SDK root at C:\Program Files (x86)\Windows Kits\10 (1)
Found Windows 10 SDK root at C:\Program Files (x86)\Windows Kits\10 (2)
Found Windows 10 SDK version 10.0.19041.0 at C:\Program Files (x86)\Windows Kits\10
Found Universal CRT version 10.0.19041.0 at C:\Program Files (x86)\Windows Kits\10
Found Windows 10 SDK version 10.0.22621.0 at C:\Program Files (x86)\Windows Kits\10
Found Universal CRT version 10.0.22621.0 at C:\Program Files (x86)\Windows Kits\10
Found Windows 10 SDK version 10.0.26100.0 at C:\Program Files (x86)\Windows Kits\10
Found Universal CRT version 10.0.26100.0 at C:\Program Files (x86)\Windows Kits\10
Win64 Installed SDK(s): MinVersion_Sdk=10.0.19041.0, MaxVersion_Sdk=10.9.99999.0, CurrentVersion_Sdk=10.0.22621.0, Version_AutoSdk=10.0.22621.0, CurrentVersion_AutoSdk=
        Registering build platform: Win64 - buildable: True
    Registering build platform: UnrealBuildTool.VisionOSPlatformFactory
Command line: "C:\Program Files\Epic Games\UE_5.7\Engine\Binaries\DotNET\UnrealBuildTool\UnrealBuildTool.dll" GameAnimationSample3Editor Win64 Development "-Project=C:/Users/singerie/Documents/Unreal Projects/Prophecy/GameAnimationSample3.uproject" -WaitMutex -NoHotReloadFromIDE
Log file: C:\Users\singerie\AppData\Local\UnrealBuildTool\Log.txt
Deleting old log file: C:\Users\singerie\AppData\Local\UnrealBuildTool\Log-backup-2025.12.06-08.24.51.txt

Using 'git status' to determine working set for adaptive non-unity build (C:\Users\singerie\Documents\Unreal Projects\Prophecy).
Generated code is up to date.
Building GameAnimationSample3Editor...
Using Visual Studio 2022 14.44.35221 toolchain (C:\Program Files\Microsoft Visual Studio\2022\Community\VC\Tools\MSVC\14.44.35207) and Windows 10.0.22621.0 SDK (C:\Program Files (x86)\Windows Kits\10).
Determining max actions to execute in parallel (8 physical cores, 12 logical cores)
  Executing up to 8 processes, one per physical core
  Requested 1.5 GB memory per action, 5.18 GB available: limiting max parallel actions to 3
Using Unreal Build Accelerator local executor to run 6 action(s)
  Storage capacity 40Gb
  RootDir C:\ProgramData\Epic\UnrealBuildAccelerator
Deleting old log file: C:\Users\singerie\AppData\Local\UnrealBuildTool\Log-backup-2026.10.05-14.50.12.uba
---- Starting trace: 261006_171707 ----
UbaServer - Listening on 0.0.0.0:1345
Cache bucket 3593192836 used. Action: Compile [x64] Module.GameAnimationSample3.18.cpp ()
Cache bucket 416513229 used. Action: Link [x64] UnrealEditor-GameAnimationSample3.lib ()
All processes queued
[1/6] Compile [x64] Module.GameAnimationSample3.18.cpp
[2/6] Compile [x64] Module.GameAnimationSample3.19.cpp
[3/6] Link [x64] UnrealEditor-GameAnimationSample3.lib
[4/6] Link [x64] UnrealEditor-ProphecyEditor.dll
[5/6] Link [x64] UnrealEditor-GameAnimationSample3.dll
[6/6] WriteMetadata GameAnimationSample3Editor.target [NoUba]

Trace written to file C:/Users/singerie/AppData/Local/UnrealBuildTool/Log.uba with size 6.3kb
Total time in Unreal Build Accelerator local executor: 34.02 seconds
WriteFileIfChanged() wrote 0 changed files of 1 requested writes.

Result: Succeeded
Total execution time: 35.18 seconds
