Using bundled DotNet SDK version: 8.0.412 win-x64
Running UnrealBuildTool: dotnet "..\..\Engine\Binaries\DotNET\UnrealBuildTool\UnrealBuildTool.dll" GameAnimationSample3Editor Win64 Development "-Project=C:/Users/singerie/Documents/Unreal Projects/Prophecy/GameAnimationSample3.uproject" -WaitMutex -FromMsBuild
Log file: C:\Users\singerie\AppData\Local\UnrealBuildTool\Log.txt
Using 'git status' to determine working set for adaptive non-unity build (C:\Users\singerie\Documents\Unreal Projects\Prophecy).
Building GameAnimationSample3Editor...
Using Visual Studio 2022 14.44.35221 toolchain (C:\Program Files\Microsoft Visual Studio\2022\Community\VC\Tools\MSVC\14.44.35207) and Windows 10.0.22621.0 SDK (C:\Program Files (x86)\Windows Kits\10).
Determining max actions to execute in parallel (8 physical cores, 12 logical cores)
  Executing up to 8 processes, one per physical core
  Requested 1.5 GB memory per action, 5.97 GB available: limiting max parallel actions to 3
Using Unreal Build Accelerator local executor to run 11 action(s)
  Storage capacity 40Gb
---- Starting trace: 261003_062438 ----
UbaServer - Listening on 0.0.0.0:1345
[1/11] Compile [x64] Module.GameAnimationSample3.1.cpp
[2/11] Compile [x64] Module.GameAnimationSample3.16.cpp
[3/11] Compile [x64] Module.GameAnimationSample3.12.cpp
[4/11] Compile [x64] Module.GameAnimationSample3.11.cpp
[5/11] Compile [x64] ProphecyGhostLocoDragSetup.cpp
[6/11] Link [x64] UnrealEditor-ProphecyEditor.lib
[7/11] Compile [x64] Module.GameAnimationSample3.17.cpp
[8/11] Link [x64] UnrealEditor-GameAnimationSample3.lib
[9/11] Link [x64] UnrealEditor-ProphecyEditor.dll
[10/11] Link [x64] UnrealEditor-GameAnimationSample3.dll
[11/11] WriteMetadata GameAnimationSample3Editor.target [NoUba]

Trace written to file C:/Users/singerie/AppData/Local/UnrealBuildTool/Log.uba with size 10.1kb
Total time in Unreal Build Accelerator local executor: 68.96 seconds

Result: Succeeded
Total execution time: 70.11 seconds
