Using bundled DotNet SDK version: 8.0.412 win-x64
Running UnrealBuildTool: dotnet "..\..\Engine\Binaries\DotNET\UnrealBuildTool\UnrealBuildTool.dll" GameAnimationSample3Editor Win64 Development "-Project=C:/Users/singerie/Documents/Unreal Projects/Prophecy/GameAnimationSample3.uproject" -WaitMutex -NoHotReloadFromIDE
Log file: C:\Users\singerie\AppData\Local\UnrealBuildTool\Log.txt
Using 'git status' to determine working set for adaptive non-unity build (C:\Users\singerie\Documents\Unreal Projects\Prophecy).
Parsing headers for GameAnimationSample3Editor
  Running Internal UnrealHeaderTool "C:\Users\singerie\Documents\Unreal Projects\Prophecy\GameAnimationSample3.uproject" "C:\Users\singerie\Documents\Unreal Projects\Prophecy\Intermediate\Build\Win64\GameAnimationSample3Editor\Development\GameAnimationSample3Editor.uhtmanifest" -WarningsAsErrors -installed
UHT processed GameAnimationSample3Editor in 14.6681947 seconds (4 files written)
Building GameAnimationSample3Editor...
Using Visual Studio 2022 14.44.35221 toolchain (C:\Program Files\Microsoft Visual Studio\2022\Community\VC\Tools\MSVC\14.44.35207) and Windows 10.0.22621.0 SDK (C:\Program Files (x86)\Windows Kits\10).
Determining max actions to execute in parallel (8 physical cores, 12 logical cores)
  Executing up to 8 processes, one per physical core
  Requested 1.5 GB memory per action, 2.99 GB available: limiting max parallel actions to 1
Using Unreal Build Accelerator local executor to run 19 action(s)
  Storage capacity 40Gb
---- Starting trace: 261006_194805 ----
UbaServer - Listening on 0.0.0.0:1345
[1/19] Compile [x64] Module.GameAnimationSample3.1.cpp
[2/19] Compile [x64] Module.GameAnimationSample3.10.cpp
[3/19] Compile [x64] Module.GameAnimationSample3.11.cpp
[4/19] Compile [x64] Module.GameAnimationSample3.12.cpp
[5/19] Compile [x64] Module.GameAnimationSample3.13.cpp
C:\Users\singerie\Documents\Unreal Projects\Prophecy\Source\GameAnimationSample3\Private\ProphecyJoltBloodEmitterExperiment.inl(79,26): warning C4996: 'FNiagaraEmitterInstance::GetUpdateExecutionContext': Please update your code to handle execution path for different emitter types - Please update your code to the new API before upgrading to the next release, otherwise your project will no longer compile.
        auto& Context=E->GetUpdateExecutionContext();
                         ^
[6/19] Compile [x64] Module.GameAnimationSample3.14.cpp
[7/19] Compile [x64] Module.GameAnimationSample3.15.cpp
[8/19] Compile [x64] Module.GameAnimationSample3.16.cpp
[9/19] Compile [x64] Module.GameAnimationSample3.17.cpp
[10/19] Compile [x64] Module.GameAnimationSample3.18.cpp
[11/19] Compile [x64] Module.GameAnimationSample3.19.cpp
[12/19] Compile [x64] Module.GameAnimationSample3.6.cpp
[13/19] Compile [x64] Module.GameAnimationSample3.7.cpp
[14/19] Link [x64] UnrealEditor-GameAnimationSample3.lib
[15/19] Link [x64] UnrealEditor-GameAnimationSample3.dll
[16/19] Compile [x64] Module.ProphecyEditor.cpp
[17/19] Link [x64] UnrealEditor-ProphecyEditor.dll
[18/19] Link [x64] UnrealEditor-ProphecyEditor.lib
[19/19] WriteMetadata GameAnimationSample3Editor.target [NoUba]

Trace written to file C:/Users/singerie/AppData/Local/UnrealBuildTool/Log.uba with size 29.3kb
Total time in Unreal Build Accelerator local executor: 299.64 seconds

Result: Succeeded
Total execution time: 317.44 seconds
